// Jest Snapshot v1, https://goo.gl/fbAQLP

exports[`list matches snapshot 1`] = `
"<ul>
        <li>
            item 1
        </li><li>
            item 2
        </li><!--4-->
    </ul>"
`;
